LAMMPS (15 Sep 2022)
OMP_NUM_THREADS environment is not set. Defaulting to 1 thread. (src/comm.cpp:98)
  using 1 OpenMP thread(s) per MPI task
ERROR: Expected floating point parameter instead of 'i' in input script or data file (src/lattice.cpp:85)
Last command: lattice         sq ${density}
--------------------------------------------------------------------------
Primary job  terminated normally, but 1 process returned
a non-zero exit code. Per user-direction, the job has been aborted.
--------------------------------------------------------------------------
--------------------------------------------------------------------------
mpirun detected that one or more processes exited with non-zero status, thus causing
the job to be terminated. The first process to do so was:

  Process name: [[34034,1],45]
  Exit code:    1
--------------------------------------------------------------------------
